Archive member included to satisfy reference by file (symbol)

/home/takis/Work/mcuxpresso/lpc_board_nxp_lpcxpresso_1769/Debug/liblpc_board_nxp_lpcxpresso_1769.a(board.o)
                              ./src/proj_tz_hello_2.o (Board_LED_Set)
/home/takis/Work/mcuxpresso/lpc_board_nxp_lpcxpresso_1769/Debug/liblpc_board_nxp_lpcxpresso_1769.a(board_sysinit.o)
                              ./src/sysinit.o (Board_SystemInit)
/home/takis/Work/mcuxpresso/lpc_chip_175x_6x/Debug/liblpc_chip_175x_6x.a(chip_17xx_40xx.o)
                              ./src/proj_tz_hello_2.o (SystemCoreClockUpdate)
/home/takis/Work/mcuxpresso/lpc_chip_175x_6x/Debug/liblpc_chip_175x_6x.a(clock_17xx_40xx.o)
                              /home/takis/Work/mcuxpresso/lpc_chip_175x_6x/Debug/liblpc_chip_175x_6x.a(chip_17xx_40xx.o) (Chip_Clock_EnablePLL)
/home/takis/Work/mcuxpresso/lpc_chip_175x_6x/Debug/liblpc_chip_175x_6x.a(i2s_17xx_40xx.o)
                              /home/takis/Work/mcuxpresso/lpc_board_nxp_lpcxpresso_1769/Debug/liblpc_board_nxp_lpcxpresso_1769.a(board.o) (Chip_I2S_Init)
/home/takis/Work/mcuxpresso/lpc_chip_175x_6x/Debug/liblpc_chip_175x_6x.a(iocon_17xx_40xx.o)
                              /home/takis/Work/mcuxpresso/lpc_board_nxp_lpcxpresso_1769/Debug/liblpc_board_nxp_lpcxpresso_1769.a(board.o) (Chip_IOCON_PinMux)
/home/takis/Work/mcuxpresso/lpc_chip_175x_6x/Debug/liblpc_chip_175x_6x.a(sysinit_17xx_40xx.o)
                              /home/takis/Work/mcuxpresso/lpc_board_nxp_lpcxpresso_1769/Debug/liblpc_board_nxp_lpcxpresso_1769.a(board_sysinit.o) (Chip_SetupXtalClocking)
/home/takis/Work/mcuxpresso/lpc_chip_175x_6x/Debug/liblpc_chip_175x_6x.a(uart_17xx_40xx.o)
                              /home/takis/Work/mcuxpresso/lpc_board_nxp_lpcxpresso_1769/Debug/liblpc_board_nxp_lpcxpresso_1769.a(board.o) (Chip_UART_Init)
/home/takis/Work/mcuxpresso/lpc_chip_175x_6x/Debug/liblpc_chip_175x_6x.a(ring_buffer.o)
                              /home/takis/Work/mcuxpresso/lpc_chip_175x_6x/Debug/liblpc_chip_175x_6x.a(uart_17xx_40xx.o) (RingBuffer_Insert)
/usr/local/mcuxpressoide-10.3.0_2200/ide/plugins/com.nxp.mcuxpresso.tools.linux_10.3.0.201811011841/tools/bin/../lib/gcc/arm-none-eabi/7.3.1/../../../../arm-none-eabi/lib/thumb/v7-m/libcr_c.a(memcpy.o)
                              /home/takis/Work/mcuxpresso/lpc_board_nxp_lpcxpresso_1769/Debug/liblpc_board_nxp_lpcxpresso_1769.a(board.o) (memcpy)
/usr/local/mcuxpressoide-10.3.0_2200/ide/plugins/com.nxp.mcuxpresso.tools.linux_10.3.0.201811011841/tools/bin/../lib/gcc/arm-none-eabi/7.3.1/../../../../arm-none-eabi/lib/thumb/v7-m/libcr_c.a(__weak__main.o)
                              ./src/cr_startup_lpc175x_6x.o (__main)
/usr/local/mcuxpressoide-10.3.0_2200/ide/plugins/com.nxp.mcuxpresso.tools.linux_10.3.0.201811011841/tools/bin/../lib/gcc/arm-none-eabi/7.3.1/thumb/v7-m/libcr_eabihelpers.a(division_64.o)
                              /home/takis/Work/mcuxpresso/lpc_chip_175x_6x/Debug/liblpc_chip_175x_6x.a(i2s_17xx_40xx.o) (__aeabi_uldivmod)
/usr/local/mcuxpressoide-10.3.0_2200/ide/plugins/com.nxp.mcuxpresso.tools.linux_10.3.0.201811011841/tools/bin/../lib/gcc/arm-none-eabi/7.3.1/thumb/v7-m/libcr_eabihelpers.a(division_idiv0.o)
                              /usr/local/mcuxpressoide-10.3.0_2200/ide/plugins/com.nxp.mcuxpresso.tools.linux_10.3.0.201811011841/tools/bin/../lib/gcc/arm-none-eabi/7.3.1/thumb/v7-m/libcr_eabihelpers.a(division_64.o) (__aeabi_idiv0)
/usr/local/mcuxpressoide-10.3.0_2200/ide/plugins/com.nxp.mcuxpresso.tools.linux_10.3.0.201811011841/tools/bin/../lib/gcc/arm-none-eabi/7.3.1/thumb/v7-m/libcr_eabihelpers.a(memcpy.o)
                              /usr/local/mcuxpressoide-10.3.0_2200/ide/plugins/com.nxp.mcuxpresso.tools.linux_10.3.0.201811011841/tools/bin/../lib/gcc/arm-none-eabi/7.3.1/../../../../arm-none-eabi/lib/thumb/v7-m/libcr_c.a(memcpy.o) (__aeabi_memcpy)

Allocating common symbols
Common symbol       size              file

SystemCoreClock     0x4               /home/takis/Work/mcuxpresso/lpc_chip_175x_6x/Debug/liblpc_chip_175x_6x.a(chip_17xx_40xx.o)

Discarded input sections

 .group         0x0000000000000000        0xc ./src/cr_startup_lpc175x_6x.o
 .text          0x0000000000000000        0x0 ./src/cr_startup_lpc175x_6x.o
 .data          0x0000000000000000        0x0 ./src/cr_startup_lpc175x_6x.o
 .bss           0x0000000000000000        0x0 ./src/cr_startup_lpc175x_6x.o
 .group         0x0000000000000000        0xc ./src/crp.o
 .group         0x0000000000000000        0xc ./src/crp.o
 .text          0x0000000000000000        0x0 ./src/crp.o
 .data          0x0000000000000000        0x0 ./src/crp.o
 .bss           0x0000000000000000        0x0 ./src/crp.o
 .debug_macro   0x0000000000000000      0xa6c ./src/crp.o
 .group         0x0000000000000000        0xc ./src/proj_tz_hello_2.o
 .group         0x0000000000000000        0xc ./src/proj_tz_hello_2.o
 .group         0x0000000000000000        0xc ./src/proj_tz_hello_2.o
[...]
Memory Configuration

Name             Origin             Length             Attributes
MFlash512        0x0000000000000000 0x0000000000080000 xr
RamLoc32         0x0000000010000000 0x0000000000008000 xrw
RamAHB32         0x000000002007c000 0x0000000000008000 xrw
*default*        0x0000000000000000 0xffffffffffffffff

Linker script and memory map

LOAD ./src/cr_startup_lpc175x_6x.o
LOAD ./src/crp.o
LOAD ./src/proj_tz_hello_2.o
LOAD ./src/sysinit.o
LOAD /home/takis/Work/mcuxpresso/lpc_board_nxp_lpcxpresso_1769/Debug/liblpc_board_nxp_lpcxpresso_1769.a
LOAD /home/takis/Work/mcuxpresso/lpc_chip_175x_6x/Debug/liblpc_chip_175x_6x.a
START GROUP
LOAD /usr/local/mcuxpressoide-10.3.0_2200/ide/plugins/com.nxp.mcuxpresso.tools.linux_10.3.0.201811011841/tools/bin/../lib/gcc/arm-none-eabi/7.3.1/../../../../arm-none-eabi/lib/thumb/v7-m/libcr_c.a
LOAD /usr/local/mcuxpressoide-10.3.0_2200/ide/plugins/com.nxp.mcuxpresso.tools.linux_10.3.0.201811011841/tools/bin/../lib/gcc/arm-none-eabi/7.3.1/thumb/v7-m/libcr_eabihelpers.a
END GROUP
                0x0000000000000000                __base_MFlash512 = 0x0
                0x0000000000000000                __base_Flash = 0x0
                0x0000000000080000                __top_MFlash512 = 0x80000
                0x0000000000080000                __top_Flash = 0x80000
                0x0000000010000000                __base_RamLoc32 = 0x10000000
                0x0000000010000000                __base_RAM = 0x10000000
                0x0000000010008000                __top_RamLoc32 = 0x10008000
                0x0000000010008000                __top_RAM = 0x10008000
                0x000000002007c000                __base_RamAHB32 = 0x2007c000
                0x000000002007c000                __base_RAM2 = 0x2007c000
                0x0000000020084000                __top_RamAHB32 = 0x20084000
                0x0000000020084000                __top_RAM2 = 0x20084000

.text           0x0000000000000000     0x1110
 FILL mask 0xff
                0x0000000000000000                __vectors_start__ = ABSOLUTE (.)
 *(.isr_vector)
 .isr_vector    0x0000000000000000       0xcc ./src/cr_startup_lpc175x_6x.o
                0x0000000000000000                g_pfnVectors
                0x00000000000000cc                . = ALIGN (0x4)
                0x00000000000000cc                __section_table_start = .
                0x00000000000000cc                __data_section_table = .
                0x00000000000000cc        0x4 LONG 0x1110 LOADADDR (.data)
                0x00000000000000d0        0x4 LONG 0x10000000 ADDR (.data)
                0x00000000000000d4        0x4 LONG 0x0 SIZEOF (.data)
                0x00000000000000d8        0x4 LONG 0x1110 LOADADDR (.data_RAM2)
                0x00000000000000dc        0x4 LONG 0x2007c000 ADDR (.data_RAM2)
                0x00000000000000e0        0x4 LONG 0x0 SIZEOF (.data_RAM2)
                0x00000000000000e4                __data_section_table_end = .
                0x00000000000000e4                __bss_section_table = .
                0x00000000000000e4        0x4 LONG 0x10000000 ADDR (.bss)
                0x00000000000000e8        0x4 LONG 0x8 SIZEOF (.bss)
                0x00000000000000ec        0x4 LONG 0x2007c000 ADDR (.bss_RAM2)
                0x00000000000000f0        0x4 LONG 0x0 SIZEOF (.bss_RAM2)
                0x00000000000000f4                __bss_section_table_end = .
                0x00000000000000f4                __section_table_end = .
 *(.after_vectors*)
 .after_vectors
                0x00000000000000f4      0x12c ./src/cr_startup_lpc175x_6x.o
                0x00000000000000f4                data_init
                0x0000000000000136                bss_init
                0x000000000000016c                ResetISR
                0x00000000000001e4                NMI_Handler
                0x00000000000001ea                HardFault_Handler
                0x00000000000001f0                MemManage_Handler
                0x00000000000001f6                BusFault_Handler
                0x00000000000001fc                UsageFault_Handler
                0x0000000000000202                SVC_Handler
                0x0000000000000208                DebugMon_Handler
                0x000000000000020e                PendSV_Handler
                0x0000000000000214                SysTick_Handler
                0x000000000000021a                TIMER2_IRQHandler
                0x000000000000021a                RIT_IRQHandler
                0x000000000000021a                I2C0_IRQHandler
                0x000000000000021a                USBActivity_IRQHandler
                0x000000000000021a                PWM1_IRQHandler
                0x000000000000021a                I2C1_IRQHandler
                0x000000000000021a                EINT2_IRQHandler
                0x000000000000021a                UART1_IRQHandler
                0x000000000000021a                EINT3_IRQHandler
                0x000000000000021a                CANActivity_IRQHandler
                0x000000000000021a                TIMER3_IRQHandler
                0x000000000000021a                UART0_IRQHandler
                0x000000000000021a                IntDefaultHandler
                0x000000000000021a                PLL0_IRQHandler
                0x000000000000021a                CAN_IRQHandler
                0x000000000000021a                PLL1_IRQHandler
                0x000000000000021a                SSP0_IRQHandler
                0x000000000000021a                I2S_IRQHandler
                0x000000000000021a                I2C2_IRQHandler
                0x000000000000021a                RTC_IRQHandler
                0x000000000000021a                TIMER0_IRQHandler
                0x000000000000021a                SPI_IRQHandler
                0x000000000000021a                EINT1_IRQHandler
                0x000000000000021a                TIMER1_IRQHandler
                0x000000000000021a                UART2_IRQHandler
                0x000000000000021a                ADC_IRQHandler
                0x000000000000021a                SSP1_IRQHandler
                0x000000000000021a                USB_IRQHandler
                0x000000000000021a                BOD_IRQHandler
                0x000000000000021a                WDT_IRQHandler
                0x000000000000021a                QEI_IRQHandler
                0x000000000000021a                EINT0_IRQHandler
                0x000000000000021a                ETH_IRQHandler
                0x000000000000021a                DMA_IRQHandler
                0x000000000000021a                UART3_IRQHandler
                0x000000000000021a                MCPWM_IRQHandler
                0x00000000000002fc                . = 0x2fc
 *fill*         0x0000000000000220       0xdc ff
                0x00000000000002fc                PROVIDE (__CRP_WORD_START__ = .)
 *(.crp)
 .crp           0x00000000000002fc        0x4 ./src/crp.o
                0x00000000000002fc                CRP_WORD
                0x0000000000000300                PROVIDE (__CRP_WORD_END__ = .)
                0x0000000000000001                ASSERT (! ((__CRP_WORD_START__ == __CRP_WORD_END__)), Linker CRP Enabled, but no CRP_WORD provided within application)
 *(.text*)
 .text.main     0x0000000000000300       0x7c ./src/proj_tz_hello_2.o
                0x0000000000000300                main
 .text.My_Delay_Func
                0x000000000000037c       0x34 ./src/proj_tz_hello_2.o
                0x000000000000037c                My_Delay_Func
 .text.SystemInit
                0x00000000000003b0       0x24 ./src/sysinit.o
                0x00000000000003b0                SystemInit
 .text.Chip_IOCON_Init
                0x00000000000003d4       0x16 /home/takis/Work/mcuxpresso/lpc_board_nxp_lpcxpresso_1769/Debug/liblpc_board_nxp_lpcxpresso_1769.a(board.o)
 .text.Chip_GPIO_Init
                0x00000000000003ea       0x16 /home/takis/Work/mcuxpresso/lpc_board_nxp_lpcxpresso_1769/Debug/liblpc_board_nxp_lpcxpresso_1769.a(board.o)
 .text.Chip_GPIO_SetPinState
                0x0000000000000400       0x64 /home/takis/Work/mcuxpresso/lpc_board_nxp_lpcxpresso_1769/Debug/liblpc_board_nxp_lpcxpresso_1769.a(board.o)
 .text.Chip_GPIO_WritePortBit
                0x0000000000000464       0x2c /home/takis/Work/mcuxpresso/lpc_board_nxp_lpcxpresso_1769/Debug/liblpc_board_nxp_lpcxpresso_1769.a(board.o)
 .text.Chip_GPIO_GetPinState
                0x0000000000000490       0x38 /home/takis/Work/mcuxpresso/lpc_board_nxp_lpcxpresso_1769/Debug/liblpc_board_nxp_lpcxpresso_1769.a(board.o)
 .text.Chip_GPIO_ReadPortBit
                0x00000000000004c8       0x26 /home/takis/Work/mcuxpresso/lpc_board_nxp_lpcxpresso_1769/Debug/liblpc_board_nxp_lpcxpresso_1769.a(board.o)
 .text.Chip_GPIO_SetPinDIROutput
                0x00000000000004ee       0x36 /home/takis/Work/mcuxpresso/lpc_board_nxp_lpcxpresso_1769/Debug/liblpc_board_nxp_lpcxpresso_1769.a(board.o)
 .text.Chip_GPIO_SetPinDIRInput
                0x0000000000000524       0x3a /home/takis/Work/mcuxpresso/lpc_board_nxp_lpcxpresso_1769/Debug/liblpc_board_nxp_lpcxpresso_1769.a(board.o)
 .text.Chip_GPIO_SetPinDIR
                0x000000000000055e       0x42 /home/takis/Work/mcuxpresso/lpc_board_nxp_lpcxpresso_1769/Debug/liblpc_board_nxp_lpcxpresso_1769.a(board.o)
 .text.Chip_GPIO_WriteDirBit
                0x00000000000005a0       0x2e /home/takis/Work/mcuxpresso/lpc_board_nxp_lpcxpresso_1769/Debug/liblpc_board_nxp_lpcxpresso_1769.a(board.o)
 .text.Chip_UART_ConfigData
                0x00000000000005ce       0x1a /home/takis/Work/mcuxpresso/lpc_board_nxp_lpcxpresso_1769/Debug/liblpc_board_nxp_lpcxpresso_1769.a(board.o)
 .text.Board_LED_Init
                0x00000000000005e8       0x30 /home/takis/Work/mcuxpresso/lpc_board_nxp_lpcxpresso_1769/Debug/liblpc_board_nxp_lpcxpresso_1769.a(board.o)
 .text.Board_UART_Init
                0x0000000000000618       0x12 /home/takis/Work/mcuxpresso/lpc_board_nxp_lpcxpresso_1769/Debug/liblpc_board_nxp_lpcxpresso_1769.a(board.o)
                0x0000000000000618                Board_UART_Init
 *fill*         0x000000000000062a        0x2 ff
 .text.Board_Debug_Init
                0x000000000000062c       0x30 /home/takis/Work/mcuxpresso/lpc_board_nxp_lpcxpresso_1769/Debug/liblpc_board_nxp_lpcxpresso_1769.a(board.o)
                0x000000000000062c                Board_Debug_Init
 .text.Board_LED_Set
                0x000000000000065c       0x58 /home/takis/Work/mcuxpresso/lpc_board_nxp_lpcxpresso_1769/Debug/liblpc_board_nxp_lpcxpresso_1769.a(board.o)
                0x000000000000065c                Board_LED_Set
 .text.Board_LED_Test
                0x00000000000006b4       0x5c /home/takis/Work/mcuxpresso/lpc_board_nxp_lpcxpresso_1769/Debug/liblpc_board_nxp_lpcxpresso_1769.a(board.o)
                0x00000000000006b4                Board_LED_Test
 .text.Board_LED_Toggle
                0x0000000000000710       0x3c /home/takis/Work/mcuxpresso/lpc_board_nxp_lpcxpresso_1769/Debug/liblpc_board_nxp_lpcxpresso_1769.a(board.o)
                0x0000000000000710                Board_LED_Toggle
 .text.Board_Init
                0x000000000000074c       0x24 /home/takis/Work/mcuxpresso/lpc_board_nxp_lpcxpresso_1769/Debug/liblpc_board_nxp_lpcxpresso_1769.a(board.o)
                0x000000000000074c                Board_Init
 .text.Chip_SYSCTL_SetFLASHAccess
                0x0000000000000770       0x30 /home/takis/Work/mcuxpresso/lpc_board_nxp_lpcxpresso_1769/Debug/liblpc_board_nxp_lpcxpresso_1769.a(board_sysinit.o)
 .text.Board_SetupMuxing
                0x00000000000007a0       0x1c /home/takis/Work/mcuxpresso/lpc_board_nxp_lpcxpresso_1769/Debug/liblpc_board_nxp_lpcxpresso_1769.a(board_sysinit.o)
                0x00000000000007a0                Board_SetupMuxing
 .text.Board_SetupClocking
                0x00000000000007bc       0x12 /home/takis/Work/mcuxpresso/lpc_board_nxp_lpcxpresso_1769/Debug/liblpc_board_nxp_lpcxpresso_1769.a(board_sysinit.o)
                0x00000000000007bc                Board_SetupClocking
 .text.Board_SystemInit
                0x00000000000007ce       0x10 /home/takis/Work/mcuxpresso/lpc_board_nxp_lpcxpresso_1769/Debug/liblpc_board_nxp_lpcxpresso_1769.a(board_sysinit.o)
                0x00000000000007ce                Board_SystemInit
 *fill*         0x00000000000007de        0x2 ff
 .text.SystemCoreClockUpdate
                0x00000000000007e0       0x18 /home/takis/Work/mcuxpresso/lpc_chip_175x_6x/Debug/liblpc_chip_175x_6x.a(chip_17xx_40xx.o)
                0x00000000000007e0                SystemCoreClockUpdate
 .text.Chip_Clock_IsMainPLLEnabled
                0x00000000000007f8       0x24 /home/takis/Work/mcuxpresso/lpc_chip_175x_6x/Debug/liblpc_chip_175x_6x.a(clock_17xx_40xx.o)
 .text.Chip_Clock_IsMainPLLConnected
                0x000000000000081c       0x24 /home/takis/Work/mcuxpresso/lpc_chip_175x_6x/Debug/liblpc_chip_175x_6x.a(clock_17xx_40xx.o)
 .text.Chip_Clock_FeedPLL
                0x0000000000000840       0x34 /home/takis/Work/mcuxpresso/lpc_chip_175x_6x/Debug/liblpc_chip_175x_6x.a(clock_17xx_40xx.o)
 .text.Chip_Clock_GetMainPLLSource
                0x0000000000000874       0x20 /home/takis/Work/mcuxpresso/lpc_chip_175x_6x/Debug/liblpc_chip_175x_6x.a(clock_17xx_40xx.o)
 .text.Chip_Clock_GetMainOscRate
                0x0000000000000894       0x14 /home/takis/Work/mcuxpresso/lpc_chip_175x_6x/Debug/liblpc_chip_175x_6x.a(clock_17xx_40xx.o)
 .text.Chip_Clock_GetIntOscRate
                0x00000000000008a8       0x14 /home/takis/Work/mcuxpresso/lpc_chip_175x_6x/Debug/liblpc_chip_175x_6x.a(clock_17xx_40xx.o)
 .text.Chip_Clock_GetRTCOscRate
                0x00000000000008bc       0x14 /home/takis/Work/mcuxpresso/lpc_chip_175x_6x/Debug/liblpc_chip_175x_6x.a(clock_17xx_40xx.o)
 .text.Chip_Clock_GetMainPLLInClockRate
                0x00000000000008d0        0xe /home/takis/Work/mcuxpresso/lpc_chip_175x_6x/Debug/liblpc_chip_175x_6x.a(clock_17xx_40xx.o)
 *fill*         0x00000000000008de        0x2 ff
 .text.Chip_Clock_EnablePLL
                0x00000000000008e0       0x44 /home/takis/Work/mcuxpresso/lpc_chip_175x_6x/Debug/liblpc_chip_175x_6x.a(clock_17xx_40xx.o)
                0x00000000000008e0                Chip_Clock_EnablePLL
 .text.Chip_Clock_DisablePLL
                0x0000000000000924       0x48 /home/takis/Work/mcuxpresso/lpc_chip_175x_6x/Debug/liblpc_chip_175x_6x.a(clock_17xx_40xx.o)
                0x0000000000000924                Chip_Clock_DisablePLL
 .text.Chip_Clock_SetupPLL
                0x000000000000096c       0x5c /home/takis/Work/mcuxpresso/lpc_chip_175x_6x/Debug/liblpc_chip_175x_6x.a(clock_17xx_40xx.o)
                0x000000000000096c                Chip_Clock_SetupPLL
 .text.Chip_Clock_EnablePeriphClock
                0x00000000000009c8       0x34 /home/takis/Work/mcuxpresso/lpc_chip_175x_6x/Debug/liblpc_chip_175x_6x.a(clock_17xx_40xx.o)
                0x00000000000009c8                Chip_Clock_EnablePeriphClock
 .text.Chip_Clock_GetCPUClockSource
                0x00000000000009fc       0x24 /home/takis/Work/mcuxpresso/lpc_chip_175x_6x/Debug/liblpc_chip_175x_6x.a(clock_17xx_40xx.o)
                0x00000000000009fc                Chip_Clock_GetCPUClockSource
 .text.Chip_Clock_SetCPUClockDiv
                0x0000000000000a20       0x20 /home/takis/Work/mcuxpresso/lpc_chip_175x_6x/Debug/liblpc_chip_175x_6x.a(clock_17xx_40xx.o)
                0x0000000000000a20                Chip_Clock_SetCPUClockDiv
 .text.Chip_Clock_GetCPUClockDiv
                0x0000000000000a40       0x1c /home/takis/Work/mcuxpresso/lpc_chip_175x_6x/Debug/liblpc_chip_175x_6x.a(clock_17xx_40xx.o)
                0x0000000000000a40                Chip_Clock_GetCPUClockDiv
 .text.Chip_Clock_GetPCLKDiv
                0x0000000000000a5c       0x8c /home/takis/Work/mcuxpresso/lpc_chip_175x_6x/Debug/liblpc_chip_175x_6x.a(clock_17xx_40xx.o)
                0x0000000000000a5c                Chip_Clock_GetPCLKDiv
 .text.Chip_Clock_GetSYSCLKRate
                0x0000000000000ae8       0x34 /home/takis/Work/mcuxpresso/lpc_chip_175x_6x/Debug/liblpc_chip_175x_6x.a(clock_17xx_40xx.o)
                0x0000000000000ae8                Chip_Clock_GetSYSCLKRate
 .text.Chip_Clock_GetMainPLLOutClockRate
                0x0000000000000b1c       0x54 /home/takis/Work/mcuxpresso/lpc_chip_175x_6x/Debug/liblpc_chip_175x_6x.a(clock_17xx_40xx.o)
                0x0000000000000b1c                Chip_Clock_GetMainPLLOutClockRate
 .text.Chip_Clock_GetMainClockRate
                0x0000000000000b70       0x28 /home/takis/Work/mcuxpresso/lpc_chip_175x_6x/Debug/liblpc_chip_175x_6x.a(clock_17xx_40xx.o)
                0x0000000000000b70                Chip_Clock_GetMainClockRate
 .text.Chip_Clock_GetSystemClockRate
                0x0000000000000b98       0x18 /home/takis/Work/mcuxpresso/lpc_chip_175x_6x/Debug/liblpc_chip_175x_6x.a(clock_17xx_40xx.o)
                0x0000000000000b98                Chip_Clock_GetSystemClockRate
 .text.Chip_Clock_GetPeripheralClockRate
                0x0000000000000bb0       0x26 /home/takis/Work/mcuxpresso/lpc_chip_175x_6x/Debug/liblpc_chip_175x_6x.a(clock_17xx_40xx.o)
                0x0000000000000bb0                Chip_Clock_GetPeripheralClockRate
 .text.Chip_IOCON_PinMuxSet
                0x0000000000000bd6       0x36 /home/takis/Work/mcuxpresso/lpc_chip_175x_6x/Debug/liblpc_chip_175x_6x.a(iocon_17xx_40xx.o)
                0x0000000000000bd6                Chip_IOCON_PinMuxSet
 .text.Chip_IOCON_PinMux
                0x0000000000000c0c       0x94 /home/takis/Work/mcuxpresso/lpc_chip_175x_6x/Debug/liblpc_chip_175x_6x.a(iocon_17xx_40xx.o)
                0x0000000000000c0c                Chip_IOCON_PinMux
 .text.Chip_IOCON_SetPinMuxing
                0x0000000000000ca0       0x62 /home/takis/Work/mcuxpresso/lpc_chip_175x_6x/Debug/liblpc_chip_175x_6x.a(iocon_17xx_40xx.o)
                0x0000000000000ca0                Chip_IOCON_SetPinMuxing
 *fill*         0x0000000000000d02        0x2 ff
 .text.Chip_Clock_IsMainPLLEnabled
                0x0000000000000d04       0x24 /home/takis/Work/mcuxpresso/lpc_chip_175x_6x/Debug/liblpc_chip_175x_6x.a(sysinit_17xx_40xx.o)
 .text.Chip_Clock_IsMainPLLLocked
                0x0000000000000d28       0x24 /home/takis/Work/mcuxpresso/lpc_chip_175x_6x/Debug/liblpc_chip_175x_6x.a(sysinit_17xx_40xx.o)
 .text.Chip_Clock_IsMainPLLConnected
                0x0000000000000d4c       0x24 /home/takis/Work/mcuxpresso/lpc_chip_175x_6x/Debug/liblpc_chip_175x_6x.a(sysinit_17xx_40xx.o)
 .text.Chip_Clock_EnableCrystal
                0x0000000000000d70       0x20 /home/takis/Work/mcuxpresso/lpc_chip_175x_6x/Debug/liblpc_chip_175x_6x.a(sysinit_17xx_40xx.o)
 .text.Chip_Clock_IsCrystalEnabled
                0x0000000000000d90       0x24 /home/takis/Work/mcuxpresso/lpc_chip_175x_6x/Debug/liblpc_chip_175x_6x.a(sysinit_17xx_40xx.o)
 .text.Chip_Clock_SetMainPLLSource
                0x0000000000000db4       0x20 /home/takis/Work/mcuxpresso/lpc_chip_175x_6x/Debug/liblpc_chip_175x_6x.a(sysinit_17xx_40xx.o)
 .text.Chip_SetupXtalClocking
                0x0000000000000dd4       0x90 /home/takis/Work/mcuxpresso/lpc_chip_175x_6x/Debug/liblpc_chip_175x_6x.a(sysinit_17xx_40xx.o)
                0x0000000000000dd4                Chip_SetupXtalClocking
 .text.Chip_UART_SetupFIFOS
                0x0000000000000e64       0x1a /home/takis/Work/mcuxpresso/lpc_chip_175x_6x/Debug/liblpc_chip_175x_6x.a(uart_17xx_40xx.o)
 .text.Chip_UART_ConfigData
                0x0000000000000e7e       0x1a /home/takis/Work/mcuxpresso/lpc_chip_175x_6x/Debug/liblpc_chip_175x_6x.a(uart_17xx_40xx.o)
 .text.Chip_UART_EnableDivisorAccess
                0x0000000000000e98       0x1e /home/takis/Work/mcuxpresso/lpc_chip_175x_6x/Debug/liblpc_chip_175x_6x.a(uart_17xx_40xx.o)
 .text.Chip_UART_DisableDivisorAccess
                0x0000000000000eb6       0x1e /home/takis/Work/mcuxpresso/lpc_chip_175x_6x/Debug/liblpc_chip_175x_6x.a(uart_17xx_40xx.o)
 .text.Chip_UART_SetDivisorLatches
                0x0000000000000ed4       0x26 /home/takis/Work/mcuxpresso/lpc_chip_175x_6x/Debug/liblpc_chip_175x_6x.a(uart_17xx_40xx.o)
 *fill*         0x0000000000000efa        0x2 ff
 .text.Chip_UART_GetClockIndex
                0x0000000000000efc       0x50 /home/takis/Work/mcuxpresso/lpc_chip_175x_6x/Debug/liblpc_chip_175x_6x.a(uart_17xx_40xx.o)
 .text.Chip_UART_GetClkIndex
                0x0000000000000f4c       0x50 /home/takis/Work/mcuxpresso/lpc_chip_175x_6x/Debug/liblpc_chip_175x_6x.a(uart_17xx_40xx.o)
 .text.Chip_UART_Init
                0x0000000000000f9c       0x78 /home/takis/Work/mcuxpresso/lpc_chip_175x_6x/Debug/liblpc_chip_175x_6x.a(uart_17xx_40xx.o)
                0x0000000000000f9c                Chip_UART_Init
 .text.Chip_UART_TXEnable
                0x0000000000001014       0x18 /home/takis/Work/mcuxpresso/lpc_chip_175x_6x/Debug/liblpc_chip_175x_6x.a(uart_17xx_40xx.o)
                0x0000000000001014                Chip_UART_TXEnable
 .text.Chip_UART_TXDisable
                0x000000000000102c       0x18 /home/takis/Work/mcuxpresso/lpc_chip_175x_6x/Debug/liblpc_chip_175x_6x.a(uart_17xx_40xx.o)
                0x000000000000102c                Chip_UART_TXDisable
 .text.Chip_UART_SetBaud
                0x0000000000001044       0x62 /home/takis/Work/mcuxpresso/lpc_chip_175x_6x/Debug/liblpc_chip_175x_6x.a(uart_17xx_40xx.o)
                0x0000000000001044                Chip_UART_SetBaud
 .text.__weak_main
                0x00000000000010a6        0x4 /usr/local/mcuxpressoide-10.3.0_2200/ide/plugins/com.nxp.mcuxpresso.tools.linux_10.3.0.201811011841/tools/bin/../lib/gcc/arm-none-eabi/7.3.1/../../../../arm-none-eabi/lib/thumb/v7-m/libcr_c.a(__weak__main.o)
                0x00000000000010a6                __main
                0x00000000000010a6                __weak_main
 *(.rodata .rodata.* .constdata .constdata.*)
 *fill*         0x00000000000010aa        0x2 ff
 .rodata.OscRateIn
                0x00000000000010ac        0x4 /home/takis/Work/mcuxpresso/lpc_board_nxp_lpcxpresso_1769/Debug/liblpc_board_nxp_lpcxpresso_1769.a(board.o)
                0x00000000000010ac                OscRateIn
 .rodata.RTCOscRateIn
                0x00000000000010b0        0x4 /home/takis/Work/mcuxpresso/lpc_board_nxp_lpcxpresso_1769/Debug/liblpc_board_nxp_lpcxpresso_1769.a(board.o)
                0x00000000000010b0                RTCOscRateIn
 .rodata.pinmuxing
                0x00000000000010b4       0x5c /home/takis/Work/mcuxpresso/lpc_board_nxp_lpcxpresso_1769/Debug/liblpc_board_nxp_lpcxpresso_1769.a(board_sysinit.o)
                0x0000000000001110                . = ALIGN (0x4)

.glue_7         0x0000000000001110        0x0
 .glue_7        0x0000000000001110        0x0 linker stubs

.glue_7t        0x0000000000001110        0x0
 .glue_7t       0x0000000000001110        0x0 linker stubs

.vfp11_veneer   0x0000000000001110        0x0
 .vfp11_veneer  0x0000000000001110        0x0 linker stubs

.v4_bx          0x0000000000001110        0x0
 .v4_bx         0x0000000000001110        0x0 linker stubs

.iplt           0x0000000000001110        0x0
 .iplt          0x0000000000001110        0x0 ./src/cr_startup_lpc175x_6x.o

.rel.dyn        0x0000000000001110        0x0
 .rel.iplt      0x0000000000001110        0x0 ./src/cr_startup_lpc175x_6x.o

.ARM.extab
 *(.ARM.extab* .gnu.linkonce.armextab.*)
                0x0000000000001110                __exidx_start = .

.ARM.exidx
 *(.ARM.exidx* .gnu.linkonce.armexidx.*)
                0x0000000000001110                __exidx_end = .
                0x0000000000001110                _etext = .

.data_RAM2      0x000000002007c000        0x0 load address 0x0000000000001110
 FILL mask 0xff
                [!provide]                        PROVIDE (__start_data_RAM2 = .)
 *(.ramfunc.$RAM2)
 *(.ramfunc.$RamAHB32)
 *(.data.$RAM2*)
 *(.data.$RamAHB32*)
                0x000000002007c000                . = ALIGN (0x4)
                [!provide]                        PROVIDE (__end_data_RAM2 = .)

.uninit_RESERVED
                0x0000000010000000        0x0
 *(.bss.$RESERVED*)
                0x0000000010000000                . = ALIGN (0x4)
                0x0000000010000000                _end_uninit_RESERVED = .

.data           0x0000000010000000        0x0 load address 0x0000000000001110
 FILL mask 0xff
                0x0000000010000000                _data = .
 *(vtable)
 *(.ramfunc*)
 *(.data*)
                0x0000000010000000                . = ALIGN (0x4)
                0x0000000010000000                _edata = .

.igot.plt       0x0000000010000000        0x0 load address 0x0000000000001110
 .igot.plt      0x0000000010000000        0x0 ./src/cr_startup_lpc175x_6x.o

.bss_RAM2       0x000000002007c000        0x0
                [!provide]                        PROVIDE (__start_bss_RAM2 = .)
 *(.bss.$RAM2*)
 *(.bss.$RamAHB32*)
                0x000000002007c000                . = ALIGN ((. != 0x0)?0x4:0x1)
                [!provide]                        PROVIDE (__end_bss_RAM2 = .)

.bss            0x0000000010000000        0x8
                0x0000000010000000                _bss = .
 *(.bss*)
 .bss.j.7287    0x0000000010000000        0x4 ./src/proj_tz_hello_2.o
 *(COMMON)
 COMMON         0x0000000010000004        0x4 /home/takis/Work/mcuxpresso/lpc_chip_175x_6x/Debug/liblpc_chip_175x_6x.a(chip_17xx_40xx.o)
                0x0000000010000004                SystemCoreClock
                0x0000000010000008                . = ALIGN (0x4)
                0x0000000010000008                _ebss = .
                [!provide]                        PROVIDE (end = .)

.noinit_RAM2    0x000000002007c000        0x0
 *(.noinit.$RAM2*)
 *(.noinit.$RamAHB32*)
                0x000000002007c000                . = ALIGN (0x4)

.noinit         0x0000000010000008        0x0
                0x0000000010000008                _noinit = .
 *(.noinit*)
                0x0000000010000008                . = ALIGN (0x4)
                0x0000000010000008                _end_noinit = .
                [!provide]                        PROVIDE (_pvHeapStart = DEFINED (__user_heap_base)?__user_heap_base:.)
                0x0000000010008000                PROVIDE (_vStackTop = DEFINED (__user_stack_top)?__user_stack_top:(__top_RamLoc32 - 0x0))
                0xffffffffefff74de                PROVIDE (__valid_user_code_checksum = (0x0 - ((((((_vStackTop + (ResetISR + 0x1)) + (NMI_Handler + 0x1)) + (HardFault_Handler + 0x1)) + (DEFINED (MemManage_Handler)?MemManage_Handler:0x0 + 0x1)) + (DEFINED (BusFault_Handler)?BusFault_Handler:0x0 + 0x1)) + (DEFINED (UsageFault_Handler)?UsageFault_Handler:0x0 + 0x1))))
                0x0000000000000000                _image_start = LOADADDR (.text)
                0x0000000000001110                _image_end = (LOADADDR (.data) + SIZEOF (.data))
                0x0000000000001110                _image_size = (_image_end - _image_start)
OUTPUT(proj_tz_hello_2.axf elf32-littlearm)

.debug_info     0x0000000000000000     0x4afa
 .debug_info    0x0000000000000000      0x255 ./src/cr_startup_lpc175x_6x.o
 .debug_info    0x0000000000000255       0x3f ./src/crp.o
 .debug_info    0x0000000000000294      0x289 ./src/proj_tz_hello_2.o
 .debug_info    0x000000000000051d      0x232 ./src/sysinit.o
 .debug_info    0x000000000000074f     0x153c /home/takis/Work/mcuxpresso/lpc_board_nxp_lpcxpresso_1769/Debug/liblpc_board_nxp_lpcxpresso_1769.a(board.o)
 .debug_info    0x0000000000001c8b      0x6ce /home/takis/Work/mcuxpresso/lpc_board_nxp_lpcxpresso_1769/Debug/liblpc_board_nxp_lpcxpresso_1769.a(board_sysinit.o)
 .debug_info    0x0000000000002359      0x558 /home/takis/Work/mcuxpresso/lpc_chip_175x_6x/Debug/liblpc_chip_175x_6x.a(chip_17xx_40xx.o)
 .debug_info    0x00000000000028b1      0xba2 /home/takis/Work/mcuxpresso/lpc_chip_175x_6x/Debug/liblpc_chip_175x_6x.a(clock_17xx_40xx.o)
 .debug_info    0x0000000000003453      0x31e /home/takis/Work/mcuxpresso/lpc_chip_175x_6x/Debug/liblpc_chip_175x_6x.a(iocon_17xx_40xx.o)
 .debug_info    0x0000000000003771      0x474 /home/takis/Work/mcuxpresso/lpc_chip_175x_6x/Debug/liblpc_chip_175x_6x.a(sysinit_17xx_40xx.o)
 .debug_info    0x0000000000003be5      0xf15 /home/takis/Work/mcuxpresso/lpc_chip_175x_6x/Debug/liblpc_chip_175x_6x.a(uart_17xx_40xx.o)

.debug_abbrev   0x0000000000000000     0x12e4
 .debug_abbrev  0x0000000000000000      0x114 ./src/cr_startup_lpc175x_6x.o
 .debug_abbrev  0x0000000000000114       0x36 ./src/crp.o
 .debug_abbrev  0x000000000000014a      0x133 ./src/proj_tz_hello_2.o
 .debug_abbrev  0x000000000000027d       0xdd ./src/sysinit.o
 .debug_abbrev  0x000000000000035a      0x3c6 /home/takis/Work/mcuxpresso/lpc_board_nxp_lpcxpresso_1769/Debug/liblpc_board_nxp_lpcxpresso_1769.a(board.o)
 .debug_abbrev  0x0000000000000720      0x180 /home/takis/Work/mcuxpresso/lpc_board_nxp_lpcxpresso_1769/Debug/liblpc_board_nxp_lpcxpresso_1769.a(board_sysinit.o)
 .debug_abbrev  0x00000000000008a0      0x151 /home/takis/Work/mcuxpresso/lpc_chip_175x_6x/Debug/liblpc_chip_175x_6x.a(chip_17xx_40xx.o)
 .debug_abbrev  0x00000000000009f1      0x309 /home/takis/Work/mcuxpresso/lpc_chip_175x_6x/Debug/liblpc_chip_175x_6x.a(clock_17xx_40xx.o)
 .debug_abbrev  0x0000000000000cfa      0x14a /home/takis/Work/mcuxpresso/lpc_chip_175x_6x/Debug/liblpc_chip_175x_6x.a(iocon_17xx_40xx.o)
 .debug_abbrev  0x0000000000000e44      0x18e /home/takis/Work/mcuxpresso/lpc_chip_175x_6x/Debug/liblpc_chip_175x_6x.a(sysinit_17xx_40xx.o)
 .debug_abbrev  0x0000000000000fd2      0x312 /home/takis/Work/mcuxpresso/lpc_chip_175x_6x/Debug/liblpc_chip_175x_6x.a(uart_17xx_40xx.o)

.debug_aranges  0x0000000000000000      0x588
 .debug_aranges
                0x0000000000000000       0x80 ./src/cr_startup_lpc175x_6x.o
 .debug_aranges
                0x0000000000000080       0x18 ./src/crp.o
 .debug_aranges
                0x0000000000000098       0x28 ./src/proj_tz_hello_2.o
 .debug_aranges
                0x00000000000000c0       0x20 ./src/sysinit.o
 .debug_aranges
                0x00000000000000e0      0x160 /home/takis/Work/mcuxpresso/lpc_board_nxp_lpcxpresso_1769/Debug/liblpc_board_nxp_lpcxpresso_1769.a(board.o)
 .debug_aranges
                0x0000000000000240       0x38 /home/takis/Work/mcuxpresso/lpc_board_nxp_lpcxpresso_1769/Debug/liblpc_board_nxp_lpcxpresso_1769.a(board_sysinit.o)
 .debug_aranges
                0x0000000000000278       0x38 /home/takis/Work/mcuxpresso/lpc_chip_175x_6x/Debug/liblpc_chip_175x_6x.a(chip_17xx_40xx.o)
 .debug_aranges
                0x00000000000002b0      0x120 /home/takis/Work/mcuxpresso/lpc_chip_175x_6x/Debug/liblpc_chip_175x_6x.a(clock_17xx_40xx.o)
 .debug_aranges
                0x00000000000003d0       0x30 /home/takis/Work/mcuxpresso/lpc_chip_175x_6x/Debug/liblpc_chip_175x_6x.a(iocon_17xx_40xx.o)
 .debug_aranges
                0x0000000000000400       0x60 /home/takis/Work/mcuxpresso/lpc_chip_175x_6x/Debug/liblpc_chip_175x_6x.a(sysinit_17xx_40xx.o)
 .debug_aranges
                0x0000000000000460      0x128 /home/takis/Work/mcuxpresso/lpc_chip_175x_6x/Debug/liblpc_chip_175x_6x.a(uart_17xx_40xx.o)

.debug_ranges   0x0000000000000000      0x4d0
 .debug_ranges  0x0000000000000000       0x70 ./src/cr_startup_lpc175x_6x.o
 .debug_ranges  0x0000000000000070       0x18 ./src/proj_tz_hello_2.o
 .debug_ranges  0x0000000000000088       0x10 ./src/sysinit.o
 .debug_ranges  0x0000000000000098      0x150 /home/takis/Work/mcuxpresso/lpc_board_nxp_lpcxpresso_1769/Debug/liblpc_board_nxp_lpcxpresso_1769.a(board.o)
 .debug_ranges  0x00000000000001e8       0x28 /home/takis/Work/mcuxpresso/lpc_board_nxp_lpcxpresso_1769/Debug/liblpc_board_nxp_lpcxpresso_1769.a(board_sysinit.o)
 .debug_ranges  0x0000000000000210       0x28 /home/takis/Work/mcuxpresso/lpc_chip_175x_6x/Debug/liblpc_chip_175x_6x.a(chip_17xx_40xx.o)
 .debug_ranges  0x0000000000000238      0x110 /home/takis/Work/mcuxpresso/lpc_chip_175x_6x/Debug/liblpc_chip_175x_6x.a(clock_17xx_40xx.o)
 .debug_ranges  0x0000000000000348       0x20 /home/takis/Work/mcuxpresso/lpc_chip_175x_6x/Debug/liblpc_chip_175x_6x.a(iocon_17xx_40xx.o)
 .debug_ranges  0x0000000000000368       0x50 /home/takis/Work/mcuxpresso/lpc_chip_175x_6x/Debug/liblpc_chip_175x_6x.a(sysinit_17xx_40xx.o)
 .debug_ranges  0x00000000000003b8      0x118 /home/takis/Work/mcuxpresso/lpc_chip_175x_6x/Debug/liblpc_chip_175x_6x.a(uart_17xx_40xx.o)

.debug_macro    0x0000000000000000     0x57a9
 .debug_macro   0x0000000000000000       0x1d ./src/cr_startup_lpc175x_6x.o
 .debug_macro   0x000000000000001d      0xa6c ./src/cr_startup_lpc175x_6x.o
 .debug_macro   0x0000000000000a89       0x1a ./src/crp.o
 .debug_macro   0x0000000000000aa3       0x34 ./src/crp.o
 .debug_macro   0x0000000000000ad7      0x220 ./src/proj_tz_hello_2.o
 .debug_macro   0x0000000000000cf7       0x10 ./src/proj_tz_hello_2.o
 .debug_macro   0x0000000000000d07      0x12d ./src/proj_tz_hello_2.o
 .debug_macro   0x0000000000000e34      0x5b2 ./src/proj_tz_hello_2.o
 .debug_macro   0x00000000000013e6       0x22 ./src/proj_tz_hello_2.o
 .debug_macro   0x0000000000001408       0x7b ./src/proj_tz_hello_2.o
 .debug_macro   0x0000000000001483       0x10 ./src/proj_tz_hello_2.o
 .debug_macro   0x0000000000001493       0x2d ./src/proj_tz_hello_2.o
 .debug_macro   0x00000000000014c0       0x3a ./src/proj_tz_hello_2.o
 .debug_macro   0x00000000000014fa       0x2d ./src/proj_tz_hello_2.o
 .debug_macro   0x0000000000001527      0xbb1 ./src/proj_tz_hello_2.o
 .debug_macro   0x00000000000020d8      0x22c ./src/proj_tz_hello_2.o
 .debug_macro   0x0000000000002304       0x42 ./src/proj_tz_hello_2.o
 .debug_macro   0x0000000000002346       0x52 ./src/proj_tz_hello_2.o
 .debug_macro   0x0000000000002398       0x78 ./src/proj_tz_hello_2.o
 .debug_macro   0x0000000000002410       0x82 ./src/proj_tz_hello_2.o
 .debug_macro   0x0000000000002492      0x48c ./src/proj_tz_hello_2.o
 .debug_macro   0x000000000000291e       0x34 ./src/proj_tz_hello_2.o
 .debug_macro   0x0000000000002952      0x4c5 ./src/proj_tz_hello_2.o
 .debug_macro   0x0000000000002e17      0x1b7 ./src/proj_tz_hello_2.o
 .debug_macro   0x0000000000002fce       0x10 ./src/proj_tz_hello_2.o
 .debug_macro   0x0000000000002fde      0x21b ./src/proj_tz_hello_2.o
 .debug_macro   0x00000000000031f9      0x1b9 ./src/proj_tz_hello_2.o
 .debug_macro   0x00000000000033b2       0x40 ./src/proj_tz_hello_2.o
 .debug_macro   0x00000000000033f2       0x22 ./src/proj_tz_hello_2.o
 .debug_macro   0x0000000000003414      0x162 ./src/proj_tz_hello_2.o
 .debug_macro   0x0000000000003576       0x94 ./src/proj_tz_hello_2.o
 .debug_macro   0x000000000000360a       0xb8 ./src/proj_tz_hello_2.o
 .debug_macro   0x00000000000036c2       0x4c ./src/proj_tz_hello_2.o
 .debug_macro   0x000000000000370e       0x16 ./src/proj_tz_hello_2.o
 .debug_macro   0x0000000000003724      0x328 ./src/proj_tz_hello_2.o
 .debug_macro   0x0000000000003a4c       0x49 ./src/proj_tz_hello_2.o
 .debug_macro   0x0000000000003a95       0x16 ./src/proj_tz_hello_2.o
 .debug_macro   0x0000000000003aab       0xca ./src/proj_tz_hello_2.o
 .debug_macro   0x0000000000003b75       0x18 ./src/proj_tz_hello_2.o
 .debug_macro   0x0000000000003b8d       0x70 ./src/proj_tz_hello_2.o
 .debug_macro   0x0000000000003bfd       0x9a ./src/proj_tz_hello_2.o
 .debug_macro   0x0000000000003c97       0x20 ./src/proj_tz_hello_2.o
 .debug_macro   0x0000000000003cb7       0x28 ./src/proj_tz_hello_2.o
 .debug_macro   0x0000000000003cdf       0x82 ./src/proj_tz_hello_2.o
 .debug_macro   0x0000000000003d61      0x217 ./src/sysinit.o
 .debug_macro   0x0000000000003f78      0x2a1 /home/takis/Work/mcuxpresso/lpc_board_nxp_lpcxpresso_1769/Debug/liblpc_board_nxp_lpcxpresso_1769.a(board.o)
 .debug_macro   0x0000000000004219      0xa66 /home/takis/Work/mcuxpresso/lpc_board_nxp_lpcxpresso_1769/Debug/liblpc_board_nxp_lpcxpresso_1769.a(board.o)
 .debug_macro   0x0000000000004c7f       0x12 /home/takis/Work/mcuxpresso/lpc_board_nxp_lpcxpresso_1769/Debug/liblpc_board_nxp_lpcxpresso_1769.a(board.o)
 .debug_macro   0x0000000000004c91      0x217 /home/takis/Work/mcuxpresso/lpc_board_nxp_lpcxpresso_1769/Debug/liblpc_board_nxp_lpcxpresso_1769.a(board_sysinit.o)
 .debug_macro   0x0000000000004ea8      0x1cd /home/takis/Work/mcuxpresso/lpc_chip_175x_6x/Debug/liblpc_chip_175x_6x.a(chip_17xx_40xx.o)
 .debug_macro   0x0000000000005075      0x1cd /home/takis/Work/mcuxpresso/lpc_chip_175x_6x/Debug/liblpc_chip_175x_6x.a(clock_17xx_40xx.o)
 .debug_macro   0x0000000000005242      0x1cd /home/takis/Work/mcuxpresso/lpc_chip_175x_6x/Debug/liblpc_chip_175x_6x.a(iocon_17xx_40xx.o)
 .debug_macro   0x000000000000540f      0x1cd /home/takis/Work/mcuxpresso/lpc_chip_175x_6x/Debug/liblpc_chip_175x_6x.a(sysinit_17xx_40xx.o)
 .debug_macro   0x00000000000055dc      0x1cd /home/takis/Work/mcuxpresso/lpc_chip_175x_6x/Debug/liblpc_chip_175x_6x.a(uart_17xx_40xx.o)

.debug_line     0x0000000000000000     0x3763
 .debug_line    0x0000000000000000       0xd3 ./src/cr_startup_lpc175x_6x.o
 .debug_line    0x00000000000000d3       0xb5 ./src/crp.o
 .debug_line    0x0000000000000188      0x5b6 ./src/proj_tz_hello_2.o
 .debug_line    0x000000000000073e      0x4d7 ./src/sysinit.o
 .debug_line    0x0000000000000c15      0x89d /home/takis/Work/mcuxpresso/lpc_board_nxp_lpcxpresso_1769/Debug/liblpc_board_nxp_lpcxpresso_1769.a(board.o)
 .debug_line    0x00000000000014b2      0x517 /home/takis/Work/mcuxpresso/lpc_board_nxp_lpcxpresso_1769/Debug/liblpc_board_nxp_lpcxpresso_1769.a(board_sysinit.o)
 .debug_line    0x00000000000019c9      0x4b7 /home/takis/Work/mcuxpresso/lpc_chip_175x_6x/Debug/liblpc_chip_175x_6x.a(chip_17xx_40xx.o)
 .debug_line    0x0000000000001e80      0x733 /home/takis/Work/mcuxpresso/lpc_chip_175x_6x/Debug/liblpc_chip_175x_6x.a(clock_17xx_40xx.o)
 .debug_line    0x00000000000025b3      0x4a3 /home/takis/Work/mcuxpresso/lpc_chip_175x_6x/Debug/liblpc_chip_175x_6x.a(iocon_17xx_40xx.o)
 .debug_line    0x0000000000002a56      0x52d /home/takis/Work/mcuxpresso/lpc_chip_175x_6x/Debug/liblpc_chip_175x_6x.a(sysinit_17xx_40xx.o)
 .debug_line    0x0000000000002f83      0x7e0 /home/takis/Work/mcuxpresso/lpc_chip_175x_6x/Debug/liblpc_chip_175x_6x.a(uart_17xx_40xx.o)

.debug_str      0x0000000000000000    0x13901
 .debug_str     0x0000000000000000     0x2eab ./src/cr_startup_lpc175x_6x.o
                                       0x2ebe (size before relaxing)
 .debug_str     0x0000000000002eab       0xe9 ./src/crp.o
                                       0x2dcb (size before relaxing)
 .debug_str     0x0000000000002f94     0xe94f ./src/proj_tz_hello_2.o
                                      0x11702 (size before relaxing)
 .debug_str     0x00000000000118e3       0x1b ./src/sysinit.o
                                      0x112a0 (size before relaxing)
 .debug_str     0x00000000000118fe      0xfdc /home/takis/Work/mcuxpresso/lpc_board_nxp_lpcxpresso_1769/Debug/liblpc_board_nxp_lpcxpresso_1769.a(board.o)
                                      0x121cb (size before relaxing)
 .debug_str     0x00000000000128da      0x22d /home/takis/Work/mcuxpresso/lpc_board_nxp_lpcxpresso_1769/Debug/liblpc_board_nxp_lpcxpresso_1769.a(board_sysinit.o)
                                      0x116a4 (size before relaxing)
 .debug_str     0x0000000000012b07       0xa6 /home/takis/Work/mcuxpresso/lpc_chip_175x_6x/Debug/liblpc_chip_175x_6x.a(chip_17xx_40xx.o)
                                      0x112ec (size before relaxing)
 .debug_str     0x0000000000012bad      0x857 /home/takis/Work/mcuxpresso/lpc_chip_175x_6x/Debug/liblpc_chip_175x_6x.a(clock_17xx_40xx.o)
                                      0x1196a (size before relaxing)
 .debug_str     0x0000000000013404       0x79 /home/takis/Work/mcuxpresso/lpc_chip_175x_6x/Debug/liblpc_chip_175x_6x.a(iocon_17xx_40xx.o)
                                      0x10de7 (size before relaxing)
 .debug_str     0x000000000001347d       0xc4 /home/takis/Work/mcuxpresso/lpc_chip_175x_6x/Debug/liblpc_chip_175x_6x.a(sysinit_17xx_40xx.o)
                                      0x10fcf (size before relaxing)
 .debug_str     0x0000000000013541      0x3c0 /home/takis/Work/mcuxpresso/lpc_chip_175x_6x/Debug/liblpc_chip_175x_6x.a(uart_17xx_40xx.o)
                                      0x1183f (size before relaxing)

.comment        0x0000000000000000       0x7f
 .comment       0x0000000000000000       0x7f ./src/cr_startup_lpc175x_6x.o
                                         0x80 (size before relaxing)
 .comment       0x000000000000007f       0x80 ./src/crp.o
 .comment       0x000000000000007f       0x80 ./src/proj_tz_hello_2.o
 .comment       0x000000000000007f       0x80 ./src/sysinit.o
 .comment       0x000000000000007f       0x80 /home/takis/Work/mcuxpresso/lpc_board_nxp_lpcxpresso_1769/Debug/liblpc_board_nxp_lpcxpresso_1769.a(board.o)
 .comment       0x000000000000007f       0x80 /home/takis/Work/mcuxpresso/lpc_board_nxp_lpcxpresso_1769/Debug/liblpc_board_nxp_lpcxpresso_1769.a(board_sysinit.o)
 .comment       0x000000000000007f       0x80 /home/takis/Work/mcuxpresso/lpc_chip_175x_6x/Debug/liblpc_chip_175x_6x.a(chip_17xx_40xx.o)
 .comment       0x000000000000007f       0x80 /home/takis/Work/mcuxpresso/lpc_chip_175x_6x/Debug/liblpc_chip_175x_6x.a(clock_17xx_40xx.o)
 .comment       0x000000000000007f       0x80 /home/takis/Work/mcuxpresso/lpc_chip_175x_6x/Debug/liblpc_chip_175x_6x.a(iocon_17xx_40xx.o)
 .comment       0x000000000000007f       0x80 /home/takis/Work/mcuxpresso/lpc_chip_175x_6x/Debug/liblpc_chip_175x_6x.a(sysinit_17xx_40xx.o)
 .comment       0x000000000000007f       0x80 /home/takis/Work/mcuxpresso/lpc_chip_175x_6x/Debug/liblpc_chip_175x_6x.a(uart_17xx_40xx.o)
 .comment       0x000000000000007f       0x80 /usr/local/mcuxpressoide-10.3.0_2200/ide/plugins/com.nxp.mcuxpresso.tools.linux_10.3.0.201811011841/tools/bin/../lib/gcc/arm-none-eabi/7.3.1/../../../../arm-none-eabi/lib/thumb/v7-m/libcr_c.a(__weak__main.o)

.ARM.attributes
                0x0000000000000000       0x31
 .ARM.attributes
                0x0000000000000000       0x33 ./src/cr_startup_lpc175x_6x.o
 .ARM.attributes
                0x0000000000000033       0x33 ./src/crp.o
 .ARM.attributes
                0x0000000000000066       0x33 ./src/proj_tz_hello_2.o
 .ARM.attributes
                0x0000000000000099       0x33 ./src/sysinit.o
 .ARM.attributes
                0x00000000000000cc       0x33 /home/takis/Work/mcuxpresso/lpc_board_nxp_lpcxpresso_1769/Debug/liblpc_board_nxp_lpcxpresso_1769.a(board.o)
 .ARM.attributes
                0x00000000000000ff       0x33 /home/takis/Work/mcuxpresso/lpc_board_nxp_lpcxpresso_1769/Debug/liblpc_board_nxp_lpcxpresso_1769.a(board_sysinit.o)
 .ARM.attributes
                0x0000000000000132       0x33 /home/takis/Work/mcuxpresso/lpc_chip_175x_6x/Debug/liblpc_chip_175x_6x.a(chip_17xx_40xx.o)
 .ARM.attributes
                0x0000000000000165       0x33 /home/takis/Work/mcuxpresso/lpc_chip_175x_6x/Debug/liblpc_chip_175x_6x.a(clock_17xx_40xx.o)
 .ARM.attributes
                0x0000000000000198       0x33 /home/takis/Work/mcuxpresso/lpc_chip_175x_6x/Debug/liblpc_chip_175x_6x.a(iocon_17xx_40xx.o)
 .ARM.attributes
                0x00000000000001cb       0x33 /home/takis/Work/mcuxpresso/lpc_chip_175x_6x/Debug/liblpc_chip_175x_6x.a(sysinit_17xx_40xx.o)
 .ARM.attributes
                0x00000000000001fe       0x33 /home/takis/Work/mcuxpresso/lpc_chip_175x_6x/Debug/liblpc_chip_175x_6x.a(uart_17xx_40xx.o)
 .ARM.attributes
                0x0000000000000231       0x33 /usr/local/mcuxpressoide-10.3.0_2200/ide/plugins/com.nxp.mcuxpresso.tools.linux_10.3.0.201811011841/tools/bin/../lib/gcc/arm-none-eabi/7.3.1/../../../../arm-none-eabi/lib/thumb/v7-m/libcr_c.a(__weak__main.o)

.debug_frame    0x0000000000000000     0x1450
 .debug_frame   0x0000000000000000      0x170 ./src/cr_startup_lpc175x_6x.o
 .debug_frame   0x0000000000000170       0x58 ./src/proj_tz_hello_2.o
 .debug_frame   0x00000000000001c8       0x34 ./src/sysinit.o
 .debug_frame   0x00000000000001fc      0x5d4 /home/takis/Work/mcuxpresso/lpc_board_nxp_lpcxpresso_1769/Debug/liblpc_board_nxp_lpcxpresso_1769.a(board.o)
 .debug_frame   0x00000000000007d0       0x8c /home/takis/Work/mcuxpresso/lpc_board_nxp_lpcxpresso_1769/Debug/liblpc_board_nxp_lpcxpresso_1769.a(board_sysinit.o)
 .debug_frame   0x000000000000085c       0x88 /home/takis/Work/mcuxpresso/lpc_chip_175x_6x/Debug/liblpc_chip_175x_6x.a(chip_17xx_40xx.o)
 .debug_frame   0x00000000000008e4      0x490 /home/takis/Work/mcuxpresso/lpc_chip_175x_6x/Debug/liblpc_chip_175x_6x.a(clock_17xx_40xx.o)
 .debug_frame   0x0000000000000d74       0x80 /home/takis/Work/mcuxpresso/lpc_chip_175x_6x/Debug/liblpc_chip_175x_6x.a(iocon_17xx_40xx.o)
 .debug_frame   0x0000000000000df4      0x12c /home/takis/Work/mcuxpresso/lpc_chip_175x_6x/Debug/liblpc_chip_175x_6x.a(sysinit_17xx_40xx.o)
 .debug_frame   0x0000000000000f20      0x530 /home/takis/Work/mcuxpresso/lpc_chip_175x_6x/Debug/liblpc_chip_175x_6x.a(uart_17xx_40xx.o)
